// Jest Snapshot v1, https://goo.gl/fbAQLP

exports[`Layout Snapshots Simple Layout snapshot 1`] = `
<div
  class="MuiGrid-grid-xs-12-43 Layout-row-1"
>
  <div
    class="MuiGrid-item-4 Layout-column-2"
  >
    <div>
      sidebar
    </div>
  </div>
  <div
    class="MuiGrid-item-4 MuiGrid-grid-xs-true-31 Layout-column-2"
  >
    Layout
  </div>
</div>
`;
